方式一：源码安装：

确认服务器有nodejs编译及依赖相关软件，如果没有可通过运行以下命令安装。

[root@my local]# yum -y install gcc gcc-c++ openssl-devel 
下载NodeJS源码

[root@my local]# wget https://nodejs.org/dist/v5.6.0/node-v5.6.0.tar.gz
[root@my local]# tar zxvf node-v5.6.0.tar.gz
[root@my local]# cd node-v5.6.0.tar.gz  
配置、编译、安装。

[root@my node-v5.6.0]# ./configure --prefix=/usr/local/node  
[root@my node-v5.6.0]# make && make install  


方式二：编译后文件安装：

简单说就是解压后，在bin文件夹中已经存在node以及npm，如果你进入到对应文件的中执行命令行一点问题都没有，不过不是全局的，所以将这个设置为全局就好了。

[root@my local]# wget https://nodejs.org/dist/v5.6.0/node-v5.6.0-linux-x64.tar.gz
[root@my local]# tar zxvf node-v5.6.0-linux-x64.tar.gz
[root@my local]# mv node-v5.6.0-linux-x64 /usr/local/node


之后的配置安装：

接下来配置Node环境

[root@my node-v5.6.0]# /etc/profile  
#set nodejs env  
export NODE_HOME=/usr/local/node  
export PATH=$NODE_HOME/bin:$PATH  
export NODE_PATH=$NODE_HOME/lib/node_modules:$PATH 
[root@my node-v5.6.0]# source /etc/profile
—重启终端生效

测试是否安装成功

[root@my node-v5.6.0]# node -v  
v5.6.0  
出现NodeJS版本号则表示OK。

输出NodeJS之Hello World

[root@my node-v5.6.0]# node

> console.log(”Hello NodeJS, I'm Bob.Z“);

Hello NodeJS, I'm Bob.Z

undefined

>

输出：Hello NodeJS, I'm Bob.Z
安装Express开发框架

[root@my local]# npm install express -g 
[root@my local]# npm install express-generator -g  


创建Demo项目

[root@my local]# express DemoApp  
[root@my local]# cd DemoApp  
[root@my DemoApp]#   
进入项目目录并安装项目依赖组件

[root@my local]# cd DemoApp  
[root@my DemoApp]# npm install
安装依赖组件npm的时候，出错的话，请运行如下命令（npm国内镜像）

方法一：通过config命令
     npm config set registry http://registry.cnpmjs.org
     npm info underscore （如果上面配置正确这个命令会有字符串response）
方法一：命令行指定
    npm --registry http://registry.cnpmjs.org info underscore
方法三：编辑 ~/.npmrc 加入下面内容
    registry = http://registry.cnpmjs.org
依赖组件安装完成后启动app

[root@my DemoApp]# node app  
Express server listening on port 3000  
最后通过浏览器访问服务器3000端口，页面显示， Express Welcome to Express











